// Jest Snapshot v1, https://goo.gl/fbAQLP

exports[`Category Type should to match snapshot 1`] = `"Category"`;
